
Running 1 test using 1 worker

[1A[2K[1/1] [chromium] › tests\progress.spec.ts:3:1 › User can register, log workout, and view progress
[1A[2K  1) [chromium] › tests\progress.spec.ts:3:1 › User can register, log workout, and view progress ───

    Error: [2mexpect([22m[31mpage[39m[2m).[22mtoHaveURL[2m([22m[32mexpected[39m[2m)[22m failed

    Expected pattern: [32m/.*dashboard/[39m
    Received string:  [31m"http://localhost:5173/signup"[39m
    Timeout: 5000ms

    Call log:
    [2m  - Expect "toHaveURL" with timeout 5000ms[22m
    [2m    9 × unexpected value "http://localhost:5173/signup"[22m


      16 |
      17 |     // Wait for Dashboard
    > 18 |     await expect(page).toHaveURL(/.*dashboard/);
         |                        ^
      19 |
      20 |     // 2. Go to Training
      21 |     await page.click('a[href="/training"]');
        at C:\Users\danie\git\antigravity\fitness-app\tests\progress.spec.ts:18:24

    Error Context: test-results\progress-User-can-register-log-workout-and-view-progress-chromium\error-context.md


[1A[2K  1 failed
    [chromium] › tests\progress.spec.ts:3:1 › User can register, log workout, and view progress ────
