
Running 1 test using 1 worker
Completing Set 1
Resting for 10 seconds...
├ùCompleting Set 1
Resting for 10 seconds...
├ùCompleting Set 1
Resting for 10 seconds...
F

  1) [chromium] ÔÇ║ tests\long_rest_timer.spec.ts:6:1 ÔÇ║ verify rest times are recorded across multiple sets 

    Error: [2mexpect([22m[31mlocator[39m[2m).[22mtoBeVisible[2m([22m[2m)[22m failed

    Locator: locator('text=Rest:').first()
    Expected: visible
    Timeout: 5000ms
    Error: element(s) not found

    Call log:
    [2m  - Expect "toBeVisible" with timeout 5000ms[22m
    [2m  - waiting for locator('text=Rest:').first()[22m


      87 |
      88 |     // Verify Rest 1 shows up inline in ActiveSession
    > 89 |     await expect(page.locator('text=Rest:').first()).toBeVisible();
         |                                                      ^
      90 |
      91 |     // 6. PERFORM SET 2 (5 seconds)
      92 |     console.log('Completing Set 2');
        at C:\Users\danie\git\antigravity\fitness-app\tests\long_rest_timer.spec.ts:89:54

    Error Context: test-results\long_rest_timer-verify-res-52559-corded-across-multiple-sets-chromium\error-context.md

    Retry #1 ÔöÇÔöÇÔöÇÔöÇÔöÇÔöÇÔöÇÔöÇÔöÇÔöÇÔöÇÔöÇÔöÇÔöÇÔöÇÔöÇÔöÇÔöÇÔöÇÔöÇÔöÇÔöÇÔöÇÔöÇÔöÇÔöÇÔöÇÔöÇÔöÇÔöÇÔöÇÔöÇÔöÇÔöÇÔöÇÔöÇÔöÇÔöÇÔöÇÔöÇÔöÇÔöÇÔöÇÔöÇÔöÇÔöÇÔöÇÔöÇÔöÇÔöÇÔöÇÔöÇÔöÇÔöÇÔöÇÔöÇÔöÇÔöÇÔöÇÔöÇÔöÇÔöÇÔöÇÔöÇÔöÇÔöÇÔöÇÔöÇÔöÇÔöÇÔöÇÔöÇÔöÇÔöÇÔöÇÔöÇÔöÇÔöÇÔöÇÔöÇÔöÇÔöÇÔöÇÔöÇÔöÇÔöÇÔöÇ

    Error: [2mexpect([22m[31mlocator[39m[2m).[22mtoBeVisible[2m([22m[2m)[22m failed

    Locator: locator('text=Rest:').first()
    Expected: visible
    Timeout: 5000ms
    Error: element(s) not found

    Call log:
    [2m  - Expect "toBeVisible" with timeout 5000ms[22m
    [2m  - waiting for locator('text=Rest:').first()[22m


      87 |
      88 |     // Verify Rest 1 shows up inline in ActiveSession
    > 89 |     await expect(page.locator('text=Rest:').first()).toBeVisible();
         |                                                      ^
      90 |
      91 |     // 6. PERFORM SET 2 (5 seconds)
      92 |     console.log('Completing Set 2');
        at C:\Users\danie\git\antigravity\fitness-app\tests\long_rest_timer.spec.ts:89:54

    Error Context: test-results\long_rest_timer-verify-res-52559-corded-across-multiple-sets-chromium-retry1\error-context.md

    attachment #2: trace (application/zip) ÔöÇÔöÇÔöÇÔöÇÔöÇÔöÇÔöÇÔöÇÔöÇÔöÇÔöÇÔöÇÔöÇÔöÇÔöÇÔöÇÔöÇÔöÇÔöÇÔöÇÔöÇÔöÇÔöÇÔöÇÔöÇÔöÇÔöÇÔöÇÔöÇÔöÇÔöÇÔöÇÔöÇÔöÇÔöÇÔöÇÔöÇÔöÇÔöÇÔöÇÔöÇÔöÇÔöÇÔöÇÔöÇÔöÇÔöÇÔöÇÔöÇÔöÇÔöÇÔöÇÔöÇÔöÇÔöÇÔöÇÔöÇ
    test-results\long_rest_timer-verify-res-52559-corded-across-multiple-sets-chromium-retry1\trace.zip
    Usage:

        npx playwright show-trace test-results\long_rest_timer-verify-res-52559-corded-across-multiple-sets-chromium-retry1\trace.zip

    ÔöÇÔöÇÔöÇÔöÇÔöÇÔöÇÔöÇÔöÇÔöÇÔöÇÔöÇÔöÇÔöÇÔöÇÔöÇÔöÇÔöÇÔöÇÔöÇÔöÇÔöÇÔöÇÔöÇÔöÇÔöÇÔöÇÔöÇÔöÇÔöÇÔöÇÔöÇÔöÇÔöÇÔöÇÔöÇÔöÇÔöÇÔöÇÔöÇÔöÇÔöÇÔöÇÔöÇÔöÇÔöÇÔöÇÔöÇÔöÇÔöÇÔöÇÔöÇÔöÇÔöÇÔöÇÔöÇÔöÇÔöÇÔöÇÔöÇÔöÇÔöÇÔöÇÔöÇÔöÇÔöÇÔöÇÔöÇÔöÇÔöÇÔöÇÔöÇÔöÇÔöÇÔöÇÔöÇÔöÇÔöÇÔöÇÔöÇÔöÇÔöÇÔöÇÔöÇÔöÇÔöÇÔöÇÔöÇÔöÇÔöÇÔöÇÔöÇÔöÇÔöÇÔöÇÔöÇÔöÇ

    Retry #2 ÔöÇÔöÇÔöÇÔöÇÔöÇÔöÇÔöÇÔöÇÔöÇÔöÇÔöÇÔöÇÔöÇÔöÇÔöÇÔöÇÔöÇÔöÇÔöÇÔöÇÔöÇÔöÇÔöÇÔöÇÔöÇÔöÇÔöÇÔöÇÔöÇÔöÇÔöÇÔöÇÔöÇÔöÇÔöÇÔöÇÔöÇÔöÇÔöÇÔöÇÔöÇÔöÇÔöÇÔöÇÔöÇÔöÇÔöÇÔöÇÔöÇÔöÇÔöÇÔöÇÔöÇÔöÇÔöÇÔöÇÔöÇÔöÇÔöÇÔöÇÔöÇÔöÇÔöÇÔöÇÔöÇÔöÇÔöÇÔöÇÔöÇÔöÇÔöÇÔöÇÔöÇÔöÇÔöÇÔöÇÔöÇÔöÇÔöÇÔöÇÔöÇÔöÇÔöÇÔöÇÔöÇÔöÇÔöÇ

    Error: [2mexpect([22m[31mlocator[39m[2m).[22mtoBeVisible[2m([22m[2m)[22m failed

    Locator: locator('text=Rest:').first()
    Expected: visible
    Timeout: 5000ms
    Error: element(s) not found

    Call log:
    [2m  - Expect "toBeVisible" with timeout 5000ms[22m
    [2m  - waiting for locator('text=Rest:').first()[22m


      87 |
      88 |     // Verify Rest 1 shows up inline in ActiveSession
    > 89 |     await expect(page.locator('text=Rest:').first()).toBeVisible();
         |                                                      ^
      90 |
      91 |     // 6. PERFORM SET 2 (5 seconds)
      92 |     console.log('Completing Set 2');
        at C:\Users\danie\git\antigravity\fitness-app\tests\long_rest_timer.spec.ts:89:54

    Error Context: test-results\long_rest_timer-verify-res-52559-corded-across-multiple-sets-chromium-retry2\error-context.md

  1 failed
    [chromium] ÔÇ║ tests\long_rest_timer.spec.ts:6:1 ÔÇ║ verify rest times are recorded across multiple sets 
